C51 COMPILER V9.53.0.0   LCD_4_BIT                                                         12/20/2018 10:28:12 PAGE 1   


C51 COMPILER V9.53.0.0, COMPILATION OF MODULE LCD_4_BIT
OBJECT MODULE PLACED IN LCD_4_BIT.OBJ
COMPILER INVOKED BY: C:\Keil_v5\C51\BIN\C51.EXE LCD_4_BIT.c OPTIMIZE(8,SPEED) BROWSE DEBUG OBJECTEXTEND TABS(2)

line level    source

   1          #include<reg51.h>
   2          #include "8051_delay.h"
   3          
   4          sbit RS = P1^2;
   5          sbit EN = P1^3;
   6          
   7          #define ON 1
   8          #define OFF 0
   9          
  10          void Lcd_Command(char cmd)
  11          {
  12   1        P1 = (cmd & 0XF0);
  13   1        RS = OFF;
  14   1        EN = ON;
  15   1        delay(5);
  16   1        EN = OFF;
  17   1        
  18   1        P1 = ((cmd<<4) & 0XF0);
  19   1        RS = OFF;
  20   1        EN = ON;
  21   1        delay(5);
  22   1        EN = OFF;
  23   1      }
  24          
  25          void Lcd_Data(char Data)
  26          {
  27   1        P1 = (Data & 0XF0);
  28   1        RS = ON;
  29   1        EN = ON;
  30   1        delay(5);
  31   1        EN = OFF;
  32   1        
  33   1        P1 = ((Data<<4) & 0XF0);
  34   1        RS = ON;
  35   1        EN = ON;
  36   1        delay(5);
  37   1        EN = OFF;
  38   1      }
  39          
  40          void Lcd_String(const unsigned char *Str)
  41          {
  42   1        while(*Str != 0)
  43   1        {
  44   2          Lcd_Data(*Str++);
  45   2        } 
  46   1      }
  47          
  48          void Lcd_Intialization()
  49          {
  50   1        Lcd_Command(0x02);
  51   1        Lcd_Command(0x28);
  52   1        Lcd_Command(0x06);
  53   1        Lcd_Command(0x0c);
  54   1      }
  55          
C51 COMPILER V9.53.0.0   LCD_4_BIT                                                         12/20/2018 10:28:12 PAGE 2   

  56          void main()
  57          {
  58   1        P1=0X00;
  59   1      
  60   1        Lcd_Intialization();
  61   1        
  62   1        while(1)
  63   1        {
  64   2          Lcd_Command(0x80);
  65   2          Lcd_String("LYCO SOFT");
  66   2        }
  67   1      }


MODULE INFORMATION:   STATIC OVERLAYABLE
   CODE SIZE        =    183    ----
   CONSTANT SIZE    =     10    ----
   XDATA SIZE       =   ----    ----
   PDATA SIZE       =   ----    ----
   DATA SIZE        =   ----       3
   IDATA SIZE       =   ----    ----
   BIT SIZE         =   ----    ----
END OF MODULE INFORMATION.


C51 COMPILATION COMPLETE.  0 WARNING(S),  0 ERROR(S)
